// Jest Snapshot v1, https://goo.gl/fbAQLP

exports[`App that it renders App with shallow rendering 1`] = `
ShallowWrapper {
  "length": 1,
  Symbol(enzyme.__root__): [Circular],
  Symbol(enzyme.__unrendered__): <App />,
  Symbol(enzyme.__renderer__): Object {
    "batchedUpdates": [Function],
    "getNode": [Function],
    "render": [Function],
    "simulateEvent": [Function],
    "unmount": [Function],
  },
  Symbol(enzyme.__node__): Object {
    "instance": null,
    "key": undefined,
    "nodeType": "host",
    "props": Object {
      "children": Array [
        <h1>
          Pets!
</h1>,
        <p>
          Welcome to our pets collection. Take a look around to meet our favorite furry friends. 
</p>,
        <PetCollection
          pets={
                    Array [
                              Object {
                                "about": "",
                                "age": 12,
                                "breed": "Pug",
                                "name": "Horace",
                              },
                              Object {
                                "about": "",
                                "age": 4,
                                "breed": "Springer Spaniel",
                                "name": "Stanley",
                              },
                            ]
          }
/>,
      ],
      "className": "App",
    },
    "ref": null,
    "rendered": Array [
      Object {
        "instance": null,
        "key": undefined,
        "nodeType": "host",
        "props": Object {
          "children": "Pets!",
        },
        "ref": null,
        "rendered": "Pets!",
        "type": "h1",
      },
      Object {
        "instance": null,
        "key": undefined,
        "nodeType": "host",
        "props": Object {
          "children": "Welcome to our pets collection. Take a look around to meet our favorite furry friends. ",
        },
        "ref": null,
        "rendered": "Welcome to our pets collection. Take a look around to meet our favorite furry friends. ",
        "type": "p",
      },
      Object {
        "instance": null,
        "key": undefined,
        "nodeType": "class",
        "props": Object {
          "pets": Array [
            Object {
              "about": "",
              "age": 12,
              "breed": "Pug",
              "name": "Horace",
            },
            Object {
              "about": "",
              "age": 4,
              "breed": "Springer Spaniel",
              "name": "Stanley",
            },
          ],
        },
        "ref": null,
        "rendered": null,
        "type": [Function],
      },
    ],
    "type": "div",
  },
  Symbol(enzyme.__nodes__): Array [
    Object {
      "instance": null,
      "key": undefined,
      "nodeType": "host",
      "props": Object {
        "children": Array [
          <h1>
            Pets!
</h1>,
          <p>
            Welcome to our pets collection. Take a look around to meet our favorite furry friends. 
</p>,
          <PetCollection
            pets={
                        Array [
                                    Object {
                                      "about": "",
                                      "age": 12,
                                      "breed": "Pug",
                                      "name": "Horace",
                                    },
                                    Object {
                                      "about": "",
                                      "age": 4,
                                      "breed": "Springer Spaniel",
                                      "name": "Stanley",
                                    },
                                  ]
            }
/>,
        ],
        "className": "App",
      },
      "ref": null,
      "rendered": Array [
        Object {
          "instance": null,
          "key": undefined,
          "nodeType": "host",
          "props": Object {
            "children": "Pets!",
          },
          "ref": null,
          "rendered": "Pets!",
          "type": "h1",
        },
        Object {
          "instance": null,
          "key": undefined,
          "nodeType": "host",
          "props": Object {
            "children": "Welcome to our pets collection. Take a look around to meet our favorite furry friends. ",
          },
          "ref": null,
          "rendered": "Welcome to our pets collection. Take a look around to meet our favorite furry friends. ",
          "type": "p",
        },
        Object {
          "instance": null,
          "key": undefined,
          "nodeType": "class",
          "props": Object {
            "pets": Array [
              Object {
                "about": "",
                "age": 12,
                "breed": "Pug",
                "name": "Horace",
              },
              Object {
                "about": "",
                "age": 4,
                "breed": "Springer Spaniel",
                "name": "Stanley",
              },
            ],
          },
          "ref": null,
          "rendered": null,
          "type": [Function],
        },
      ],
      "type": "div",
    },
  ],
  Symbol(enzyme.__options__): Object {
    "adapter": ReactSixteenAdapter {
      "options": Object {
        "enableComponentDidUpdateOnSetState": true,
      },
    },
  },
}
`;

exports[`App will match the last snapshot 1`] = `
<div
  className="App"
>
  <h1>
    Pets!
  </h1>
  <p>
    Welcome to our pets collection. Take a look around to meet our favorite furry friends. 
  </p>
  <section
    className="pets"
  >
    <table>
      <tbody>
        <tr>
          <th>
            Name
          </th>
          <th>
            Breed
          </th>
          <th>
            Age
          </th>
          <th>
            About
          </th>
        </tr>
        <tr
          className="pet"
        >
          <td>
            Horace
          </td>
          <td>
            Pug
          </td>
          <td>
            12
          </td>
          <td>
            
          </td>
        </tr>
        <tr
          className="pet"
        >
          <td>
            Stanley
          </td>
          <td>
            Springer Spaniel
          </td>
          <td>
            4
          </td>
          <td>
            
          </td>
        </tr>
      </tbody>
    </table>
    <form
      id="new-pet"
      onSubmit={[Function]}
    >
      <div>
        <label
          htmlFor="name"
        >
          Pet Name
        </label>
        <input
          name="name"
          onChange={[Function]}
          type="text"
          value=""
        />
      </div>
      <div>
        <label
          htmlFor="breed"
        >
          Breed
        </label>
        <input
          name="breed"
          onChange={[Function]}
          type="text"
          value=""
        />
      </div>
      <div>
        <label
          htmlFor="age"
        >
          Age
        </label>
        <input
          name="age"
          onChange={[Function]}
          pattern="[0-9]*"
          type="number"
          value=""
        />
      </div>
      <div>
        <label
          htmlFor="about"
        >
          About
        </label>
        <input
          name="about"
          onChange={[Function]}
          type="text"
          value=""
        />
      </div>
      <input
        type="submit"
        value="Add Pet"
      />
    </form>
  </section>
</div>
`;
